============================= test session starts =============================
platform win32 -- Python 3.10.16, pytest-9.0.2, pluggy-1.5.0
rootdir: C:\Users\olato\OneDrive\Documents\Ai resume project
plugins: anyio-4.12.0, cov-7.0.0, typeguard-4.4.4
collected 0 items / 3 errors

=================================== ERRORS ====================================
_____________________ ERROR collecting tests/test_data.py _____________________
ImportError while importing test module 'C:\Users\olato\OneDrive\Documents\Ai resume project\tests\test_data.py'.
Hint: make sure your test modules/packages have valid Python names.
Traceback:
C:\pinokio\bin\miniconda\lib\importlib\__init__.py:126: in import_module
    return _bootstrap._gcd_import(name[level:], package, level)
tests\test_data.py:4: in <module>
    from shardsense.data.dataset import ShardedDataset
E   ModuleNotFoundError: No module named 'shardsense'
___________________ ERROR collecting tests/test_planner.py ____________________
ImportError while importing test module 'C:\Users\olato\OneDrive\Documents\Ai resume project\tests\test_planner.py'.
Hint: make sure your test modules/packages have valid Python names.
Traceback:
C:\pinokio\bin\miniconda\lib\importlib\__init__.py:126: in import_module
    return _bootstrap._gcd_import(name[level:], package, level)
tests\test_planner.py:1: in <module>
    from shardsense.planner.solver import GreedyResharder
E   ModuleNotFoundError: No module named 'shardsense'
__________________ ERROR collecting tests/test_telemetry.py ___________________
ImportError while importing test module 'C:\Users\olato\OneDrive\Documents\Ai resume project\tests\test_telemetry.py'.
Hint: make sure your test modules/packages have valid Python names.
Traceback:
C:\pinokio\bin\miniconda\lib\importlib\__init__.py:126: in import_module
    return _bootstrap._gcd_import(name[level:], package, level)
tests\test_telemetry.py:4: in <module>
    from shardsense.telemetry.collector import MetricsCollector
E   ModuleNotFoundError: No module named 'shardsense'
=========================== short test summary info ===========================
ERROR tests/test_data.py
ERROR tests/test_planner.py
ERROR tests/test_telemetry.py
!!!!!!!!!!!!!!!!!!! Interrupted: 3 errors during collection !!!!!!!!!!!!!!!!!!!
============================== 3 errors in 2.13s ==============================
